<?php

namespace Acme\FooBundle;

use Symfony\Component\DependencyInjection\ContainerBuilder;
use Symfony\Component\DependencyInjection\Loader\Configurator\ContainerConfigurator;
use Symfony\Component\HttpKernel\Bundle\AbstractBundle;

/**
 * @link https://symfony.com/doc/current/bundles/best_practices.html
 */
class FooBundle extends AbstractBundle
{
    public function loadExtension(array $config, ContainerConfigurator $container, ContainerBuilder $builder): void
    {
        $container->import('../config/services.php');
    }
}